Build started 07/19/2026 7:56:13 PM.
     1>Project "d:\Personal Projects\AlphaX\Spread\src\Samples\AlphaXSpreadSamplesExplorer.csproj" on node 1 (Restore target(s)).
     1>_GetAllRestoreProjectPathItems:
         Determining projects to restore...
       Restore:
         X.509 certificate chain validation will use the default trust store selected by .NET for code signing.
         X.509 certificate chain validation will use the default trust store selected by .NET for timestamping.
         Assets file has not changed. Skipping assets file writing. Path: d:\Personal Projects\AlphaX\Spread\src\AlphaX.Sheets\obj\project.assets.json
         Assets file has not changed. Skipping assets file writing. Path: d:\Personal Projects\AlphaX\Spread\src\AlphaX.CalcEngine\obj\project.assets.json
         Assets file has not changed. Skipping assets file writing. Path: d:\Personal Projects\AlphaX\Spread\src\AlphaX.WPF.Sheets\obj\project.assets.json
         Restored d:\Personal Projects\AlphaX\Spread\src\AlphaX.Sheets\AlphaX.Sheets.csproj (in 53 ms).
         Restored d:\Personal Projects\AlphaX\Spread\src\AlphaX.CalcEngine\AlphaX.CalcEngine.csproj (in 53 ms).
         Restored d:\Personal Projects\AlphaX\Spread\src\AlphaX.WPF.Sheets\AlphaX.WPF.Sheets.csproj (in 53 ms).
         
         NuGet Config files used:
             C:\Users\kartik.sagar\AppData\Roaming\NuGet\NuGet.Config
             C:\Program Files (x86)\NuGet\Config\ComponentOne.config
             C:\Program Files (x86)\NuGet\Config\Microsoft.VisualStudio.FallbackLocation.config
             C:\Program Files (x86)\NuGet\Config\Microsoft.VisualStudio.Offline.config
         
         Feeds used:
             https://api.nuget.org/v3/index.json
             C:\Program Files\dotnet\library-packs
         All projects are up-to-date for restore.
     1>Done Building Project "d:\Personal Projects\AlphaX\Spread\src\Samples\AlphaXSpreadSamplesExplorer.csproj" (Restore target(s)).
   1:7>Project "d:\Personal Projects\AlphaX\Spread\src\Samples\AlphaXSpreadSamplesExplorer.csproj" on node 2 (default targets).
   1:7>Project "d:\Personal Projects\AlphaX\Spread\src\Samples\AlphaXSpreadSamplesExplorer.csproj" (1:7) is building "d:\Personal Projects\AlphaX\Spread\src\AlphaX.CalcEngine\AlphaX.CalcEngine.csproj" (2:8) on node 3 (default targets).
     2>CoreResGen:
         No resources are out of date with respect to their source files. Skipping resource generation.
       GenerateTargetFrameworkMonikerAttribute:
       Skipping target "GenerateTargetFrameworkMonikerAttribute" because all output files are up-to-date with respect to the input files.
       CoreGenerateAssemblyInfo:
       Skipping target "CoreGenerateAssemblyInfo" because all output files are up-to-date with respect to the input files.
       _GenerateSourceLinkFile:
         Source Link file 'obj\Debug\netstandard2.0\AlphaX.CalcEngine.sourcelink.json' is up-to-date.
       CoreCompile:
       Skipping target "CoreCompile" because all output files are up-to-date with respect to the input files.
       GenerateBuildDependencyFile:
       Skipping target "GenerateBuildDependencyFile" because all output files are up-to-date with respect to the input files.
       CopyFilesToOutputDirectory:
         AlphaX.CalcEngine -> d:\Personal Projects\AlphaX\Spread\src\AlphaX.CalcEngine\bin\Debug\netstandard2.0\AlphaX.CalcEngine.dll
     2>Done Building Project "d:\Personal Projects\AlphaX\Spread\src\AlphaX.CalcEngine\AlphaX.CalcEngine.csproj" (default targets).
   1:7>Project "d:\Personal Projects\AlphaX\Spread\src\Samples\AlphaXSpreadSamplesExplorer.csproj" (1:7) is building "d:\Personal Projects\AlphaX\Spread\src\AlphaX.Sheets\AlphaX.Sheets.csproj" (3:7) on node 2 (default targets).
     3>GenerateTargetFrameworkMonikerAttribute:
       Skipping target "GenerateTargetFrameworkMonikerAttribute" because all output files are up-to-date with respect to the input files.
       CoreGenerateAssemblyInfo:
       Skipping target "CoreGenerateAssemblyInfo" because all output files are up-to-date with respect to the input files.
       _GenerateSourceLinkFile:
         Source Link file 'obj\Debug\netstandard2.0\AlphaX.Sheets.sourcelink.json' is up-to-date.
       CoreCompile:
       Skipping target "CoreCompile" because all output files are up-to-date with respect to the input files.
       GenerateBuildDependencyFile:
       Skipping target "GenerateBuildDependencyFile" because all output files are up-to-date with respect to the input files.
       CopyFilesToOutputDirectory:
         AlphaX.Sheets -> d:\Personal Projects\AlphaX\Spread\src\AlphaX.Sheets\bin\Debug\netstandard2.0\AlphaX.Sheets.dll
     3>Done Building Project "d:\Personal Projects\AlphaX\Spread\src\AlphaX.Sheets\AlphaX.Sheets.csproj" (default targets).
   1:7>Project "d:\Personal Projects\AlphaX\Spread\src\Samples\AlphaXSpreadSamplesExplorer.csproj" (1:7) is building "d:\Personal Projects\AlphaX\Spread\src\AlphaX.WPF.Sheets\AlphaX.WPF.Sheets.csproj" (4:6) on node 1 (default targets).
     4>MainResourcesGeneration:
       Skipping target "MainResourcesGeneration" because all output files are up-to-date with respect to the input files.
       CoreResGen:
         No resources are out of date with respect to their source files. Skipping resource generation.
       GenerateTargetFrameworkMonikerAttribute:
       Skipping target "GenerateTargetFrameworkMonikerAttribute" because all output files are up-to-date with respect to the input files.
       _GenerateSourceLinkFile:
         Source Link file 'obj\Debug\net472\AlphaX.WPF.Sheets.sourcelink.json' is up-to-date.
       CoreCompile:
       Skipping target "CoreCompile" because all output files are up-to-date with respect to the input files.
       CopyFilesToOutputDirectory:
         AlphaX.WPF.Sheets -> d:\Personal Projects\AlphaX\Spread\src\AlphaX.WPF.Sheets\bin\Debug\net472\AlphaX.WPF.Sheets.dll
     4>Done Building Project "d:\Personal Projects\AlphaX\Spread\src\AlphaX.WPF.Sheets\AlphaX.WPF.Sheets.csproj" (default targets).
     1>CoreResGen:
         Task assembly was loaded from 'C:\Program Files\dotnet\sdk\10.0.301\Microsoft.Build.dll' while the desired location was 'C:\Program Files\dotnet\sdk\10.0.301\Microsoft.Build.Tasks.Core.dll'.
         No resources are out of date with respect to their source files. Skipping resource generation.
       GenerateTargetFrameworkMonikerAttribute:
       Skipping target "GenerateTargetFrameworkMonikerAttribute" because all output files are up-to-date with respect to the input files.
       CoreCompile:
         Setting DOTNET_ROOT to 'C:\Program Files\dotnet'
         C:\Program Files\dotnet\sdk\10.0.301\Roslyn\bincore\csc.exe /noconfig /nowarn:1701,1702 /fullpaths /nostdlib+ /platform:anycpu32bitpreferred /errorreport:prompt /warn:4 /define:DEBUG;TRACE /highentropyva+ /reference:"d:\Personal Projects\AlphaX\Spread\src\AlphaX.CalcEngine\bin\Debug\netstandard2.0\AlphaX.CalcEngine.dll" /reference:"d:\Personal Projects\AlphaX\Spread\src\AlphaX.WPF.Sheets\bin\Debug\net472\AlphaX.FormulaEngine.dll" /reference:"d:\Personal Projects\AlphaX\Spread\src\AlphaX.WPF.Sheets\bin\Debug\net472\AlphaX.Parserz.dll" /reference:"d:\Personal Projects\AlphaX\Spread\src\AlphaX.Sheets\bin\Debug\netstandard2.0\AlphaX.Sheets.dll" /reference:"d:\Personal Projects\AlphaX\Spread\src\AlphaX.WPF.Sheets\bin\Debug\net472\AlphaX.WPF.Sheets.dll" /reference:"C:\Program Files (x86)\Reference Assemblies\Microsoft\Framework\.NETFramework\v4.7.2\Microsoft.CSharp.dll" /reference:"C:\Program Files (x86)\Reference Assemblies\Microsoft\Framework\.NETFramework\v4.7.2\mscorlib.dll" /reference:"d:\Personal Projects\AlphaX\Spread\src\packages\Newtonsoft.Json.13.0.1\lib\net45\Newtonsoft.Json.dll" /reference:"C:\Program Files (x86)\Reference Assemblies\Microsoft\Framework\.NETFramework\v4.7.2\PresentationCore.dll" /reference:"C:\Program Files (x86)\Reference Assemblies\Microsoft\Framework\.NETFramework\v4.7.2\PresentationFramework.dll" /reference:"C:\Program Files (x86)\Reference Assemblies\Microsoft\Framework\.NETFramework\v4.7.2\System.Core.dll" /reference:"C:\Program Files (x86)\Reference Assemblies\Microsoft\Framework\.NETFramework\v4.7.2\System.Data.DataSetExtensions.dll" /reference:"C:\Program Files (x86)\Reference Assemblies\Microsoft\Framework\.NETFramework\v4.7.2\System.Data.dll" /reference:"C:\Program Files (x86)\Reference Assemblies\Microsoft\Framework\.NETFramework\v4.7.2\System.dll" /reference:"C:\Program Files (x86)\Reference Assemblies\Microsoft\Framework\.NETFramework\v4.7.2\System.Net.Http.dll" /reference:"C:\Program Files (x86)\Reference Assemblies\Microsoft\Framework\.NETFramework\v4.7.2\System.Xaml.dll" /reference:"C:\Program Files (x86)\Reference Assemblies\Microsoft\Framework\.NETFramework\v4.7.2\System.Xml.dll" /reference:"C:\Program Files (x86)\Reference Assemblies\Microsoft\Framework\.NETFramework\v4.7.2\System.Xml.Linq.dll" /reference:"C:\Program Files (x86)\Reference Assemblies\Microsoft\Framework\.NETFramework\v4.7.2\WindowsBase.dll" /reference:"C:\Program Files (x86)\Reference Assemblies\Microsoft\Framework\.NETFramework\v4.7.2\Facades\netstandard.dll" /debug+ /debug:full /filealign:512 /optimize- /out:obj\Debug\GcSpreadSamplesExplorer.exe /subsystemversion:6.00 /resource:obj\Debug\GcSpreadSamplesExplorer.Properties.Resources.resources /target:winexe /utf8output /win32manifest:app.manifest /deterministic+ /langversion:7.3 Data\DataSource.cs Models\Customer.cs SamplesSideBar.xaml.cs Samples\CellTypes.xaml.cs Samples\DataBinding.xaml.cs Samples\ScrollModes.xaml.cs Samples\Sorting.xaml.cs Samples\Styling.xaml.cs Testing.xaml.cs App.xaml.cs MainWindow.xaml.cs Properties\AssemblyInfo.cs Properties\Resources.Designer.cs Properties\Settings.Designer.cs "obj\Debug\.NETFramework,Version=v4.7.2.AssemblyAttributes.cs"
         Compilation request AlphaXSpreadSamplesExplorer, PathToTool=C:\Program Files\dotnet\sdk\10.0.301\Roslyn\bincore\csc.exe
         CommandLine = ' /noconfig'
         BuildResponseFile = '/nowarn:1701,1702 /fullpaths /nostdlib+ /platform:anycpu32bitpreferred /errorreport:prompt /warn:4 /define:DEBUG;TRACE /highentropyva+ /reference:"d:\Personal Projects\AlphaX\Spread\src\AlphaX.CalcEngine\bin\Debug\netstandard2.0\AlphaX.CalcEngine.dll" /reference:"d:\Personal Projects\AlphaX\Spread\src\AlphaX.WPF.Sheets\bin\Debug\net472\AlphaX.FormulaEngine.dll" /reference:"d:\Personal Projects\AlphaX\Spread\src\AlphaX.WPF.Sheets\bin\Debug\net472\AlphaX.Parserz.dll" /reference:"d:\Personal Projects\AlphaX\Spread\src\AlphaX.Sheets\bin\Debug\netstandard2.0\AlphaX.Sheets.dll" /reference:"d:\Personal Projects\AlphaX\Spread\src\AlphaX.WPF.Sheets\bin\Debug\net472\AlphaX.WPF.Sheets.dll" /reference:"C:\Program Files (x86)\Reference Assemblies\Microsoft\Framework\.NETFramework\v4.7.2\Microsoft.CSharp.dll" /reference:"C:\Program Files (x86)\Reference Assemblies\Microsoft\Framework\.NETFramework\v4.7.2\mscorlib.dll" /reference:"d:\Personal Projects\AlphaX\Spread\src\packages\Newtonsoft.Json.13.0.1\lib\net45\Newtonsoft.Json.dll" /reference:"C:\Program Files (x86)\Reference Assemblies\Microsoft\Framework\.NETFramework\v4.7.2\PresentationCore.dll" /reference:"C:\Program Files (x86)\Reference Assemblies\Microsoft\Framework\.NETFramework\v4.7.2\PresentationFramework.dll" /reference:"C:\Program Files (x86)\Reference Assemblies\Microsoft\Framework\.NETFramework\v4.7.2\System.Core.dll" /reference:"C:\Program Files (x86)\Reference Assemblies\Microsoft\Framework\.NETFramework\v4.7.2\System.Data.DataSetExtensions.dll" /reference:"C:\Program Files (x86)\Reference Assemblies\Microsoft\Framework\.NETFramework\v4.7.2\System.Data.dll" /reference:"C:\Program Files (x86)\Reference Assemblies\Microsoft\Framework\.NETFramework\v4.7.2\System.dll" /reference:"C:\Program Files (x86)\Reference Assemblies\Microsoft\Framework\.NETFramework\v4.7.2\System.Net.Http.dll" /reference:"C:\Program Files (x86)\Reference Assemblies\Microsoft\Framework\.NETFramework\v4.7.2\System.Xaml.dll" /reference:"C:\Program Files (x86)\Reference Assemblies\Microsoft\Framework\.NETFramework\v4.7.2\System.Xml.dll" /reference:"C:\Program Files (x86)\Reference Assemblies\Microsoft\Framework\.NETFramework\v4.7.2\System.Xml.Linq.dll" /reference:"C:\Program Files (x86)\Reference Assemblies\Microsoft\Framework\.NETFramework\v4.7.2\WindowsBase.dll" /reference:"C:\Program Files (x86)\Reference Assemblies\Microsoft\Framework\.NETFramework\v4.7.2\Facades\netstandard.dll" /debug+ /debug:full /filealign:512 /optimize- /out:obj\Debug\GcSpreadSamplesExplorer.exe /subsystemversion:6.00 /resource:obj\Debug\GcSpreadSamplesExplorer.Properties.Resources.resources /target:winexe /utf8output /win32manifest:app.manifest /deterministic+ /langversion:7.3 Data\DataSource.cs Models\Customer.cs SamplesSideBar.xaml.cs Samples\CellTypes.xaml.cs Samples\DataBinding.xaml.cs Samples\ScrollModes.xaml.cs Samples\Sorting.xaml.cs Samples\Styling.xaml.cs Testing.xaml.cs App.xaml.cs MainWindow.xaml.cs Properties\AssemblyInfo.cs Properties\Resources.Designer.cs Properties\Settings.Designer.cs "obj\Debug\.NETFramework,Version=v4.7.2.AssemblyAttributes.cs"'
         Attempting to create process 'C:\Program Files\dotnet\sdk\10.0.301\Roslyn\bincore\VBCSCompiler.exe' "-pipename:_Ngqt5dBdFrE6kFmzWSbe_zuBG9H4V1QYWo8ci97snE"
         Setting DOTNET_ROOT to 'C:\Program Files\dotnet'
         Successfully created process with process id 24668
         Attempt to open named pipe '_Ngqt5dBdFrE6kFmzWSbe_zuBG9H4V1QYWo8ci97snE'
         Attempt to connect named pipe '_Ngqt5dBdFrE6kFmzWSbe_zuBG9H4V1QYWo8ci97snE'
         Named pipe '_Ngqt5dBdFrE6kFmzWSbe_zuBG9H4V1QYWo8ci97snE' connected
         Begin writing request for AlphaXSpreadSamplesExplorer
         End writing request for AlphaXSpreadSamplesExplorer
         Begin reading response for AlphaXSpreadSamplesExplorer
         End reading response for AlphaXSpreadSamplesExplorer
     1>CSC : error CS5001: Program does not contain a static 'Main' method suitable for an entry point [d:\Personal Projects\AlphaX\Spread\src\Samples\AlphaXSpreadSamplesExplorer.csproj]
     1>d:\Personal Projects\AlphaX\Spread\src\Samples\Samples\DataBinding.xaml.cs(17,13): error CS0103: The name 'InitializeComponent' does not exist in the current context [d:\Personal Projects\AlphaX\Spread\src\Samples\AlphaXSpreadSamplesExplorer.csproj]
     1>d:\Personal Projects\AlphaX\Spread\src\Samples\Samples\DataBinding.xaml.cs(18,30): error CS0103: The name 'spread' does not exist in the current context [d:\Personal Projects\AlphaX\Spread\src\Samples\AlphaXSpreadSamplesExplorer.csproj]
     1>d:\Personal Projects\AlphaX\Spread\src\Samples\Samples\DataBinding.xaml.cs(19,34): error CS0103: The name 'spread2' does not exist in the current context [d:\Personal Projects\AlphaX\Spread\src\Samples\AlphaXSpreadSamplesExplorer.csproj]
     1>d:\Personal Projects\AlphaX\Spread\src\Samples\Samples\CellTypes.xaml.cs(15,13): error CS0103: The name 'InitializeComponent' does not exist in the current context [d:\Personal Projects\AlphaX\Spread\src\Samples\AlphaXSpreadSamplesExplorer.csproj]
     1>d:\Personal Projects\AlphaX\Spread\src\Samples\Samples\CellTypes.xaml.cs(16,24): error CS0103: The name 'spread' does not exist in the current context [d:\Personal Projects\AlphaX\Spread\src\Samples\AlphaXSpreadSamplesExplorer.csproj]
     1>d:\Personal Projects\AlphaX\Spread\src\Samples\Samples\Styling.xaml.cs(19,13): error CS0103: The name 'InitializeComponent' does not exist in the current context [d:\Personal Projects\AlphaX\Spread\src\Samples\AlphaXSpreadSamplesExplorer.csproj]
     1>d:\Personal Projects\AlphaX\Spread\src\Samples\Samples\Styling.xaml.cs(20,19): error CS0103: The name 'spread1' does not exist in the current context [d:\Personal Projects\AlphaX\Spread\src\Samples\AlphaXSpreadSamplesExplorer.csproj]
     1>d:\Personal Projects\AlphaX\Spread\src\Samples\Samples\Styling.xaml.cs(21,19): error CS0103: The name 'spread2' does not exist in the current context [d:\Personal Projects\AlphaX\Spread\src\Samples\AlphaXSpreadSamplesExplorer.csproj]
     1>d:\Personal Projects\AlphaX\Spread\src\Samples\Samples\Styling.xaml.cs(22,19): error CS0103: The name 'spread3' does not exist in the current context [d:\Personal Projects\AlphaX\Spread\src\Samples\AlphaXSpreadSamplesExplorer.csproj]
     1>d:\Personal Projects\AlphaX\Spread\src\Samples\Samples\Styling.xaml.cs(23,19): error CS0103: The name 'spread4' does not exist in the current context [d:\Personal Projects\AlphaX\Spread\src\Samples\AlphaXSpreadSamplesExplorer.csproj]
     1>d:\Personal Projects\AlphaX\Spread\src\Samples\MainWindow.xaml.cs(14,13): error CS0103: The name 'InitializeComponent' does not exist in the current context [d:\Personal Projects\AlphaX\Spread\src\Samples\AlphaXSpreadSamplesExplorer.csproj]
     1>d:\Personal Projects\AlphaX\Spread\src\Samples\MainWindow.xaml.cs(15,13): error CS0103: The name '_samplesSideBar' does not exist in the current context [d:\Personal Projects\AlphaX\Spread\src\Samples\AlphaXSpreadSamplesExplorer.csproj]
     1>d:\Personal Projects\AlphaX\Spread\src\Samples\MainWindow.xaml.cs(16,13): error CS0103: The name '_samplesSideBar' does not exist in the current context [d:\Personal Projects\AlphaX\Spread\src\Samples\AlphaXSpreadSamplesExplorer.csproj]
     1>d:\Personal Projects\AlphaX\Spread\src\Samples\MainWindow.xaml.cs(17,13): error CS0103: The name '_samplesSideBar' does not exist in the current context [d:\Personal Projects\AlphaX\Spread\src\Samples\AlphaXSpreadSamplesExplorer.csproj]
     1>d:\Personal Projects\AlphaX\Spread\src\Samples\MainWindow.xaml.cs(18,13): error CS0103: The name '_samplesSideBar' does not exist in the current context [d:\Personal Projects\AlphaX\Spread\src\Samples\AlphaXSpreadSamplesExplorer.csproj]
     1>d:\Personal Projects\AlphaX\Spread\src\Samples\MainWindow.xaml.cs(19,13): error CS0103: The name '_samplesSideBar' does not exist in the current context [d:\Personal Projects\AlphaX\Spread\src\Samples\AlphaXSpreadSamplesExplorer.csproj]
     1>d:\Personal Projects\AlphaX\Spread\src\Samples\MainWindow.xaml.cs(20,13): error CS0103: The name '_samplesSideBar' does not exist in the current context [d:\Personal Projects\AlphaX\Spread\src\Samples\AlphaXSpreadSamplesExplorer.csproj]
     1>d:\Personal Projects\AlphaX\Spread\src\Samples\Testing.xaml.cs(15,13): error CS0103: The name 'InitializeComponent' does not exist in the current context [d:\Personal Projects\AlphaX\Spread\src\Samples\AlphaXSpreadSamplesExplorer.csproj]
     1>d:\Personal Projects\AlphaX\Spread\src\Samples\Testing.xaml.cs(16,13): error CS0103: The name 'spread' does not exist in the current context [d:\Personal Projects\AlphaX\Spread\src\Samples\AlphaXSpreadSamplesExplorer.csproj]
     1>d:\Personal Projects\AlphaX\Spread\src\Samples\Testing.xaml.cs(17,29): error CS0103: The name 'spread' does not exist in the current context [d:\Personal Projects\AlphaX\Spread\src\Samples\AlphaXSpreadSamplesExplorer.csproj]
     1>d:\Personal Projects\AlphaX\Spread\src\Samples\Samples\Sorting.xaml.cs(15,13): error CS0103: The name 'InitializeComponent' does not exist in the current context [d:\Personal Projects\AlphaX\Spread\src\Samples\AlphaXSpreadSamplesExplorer.csproj]
     1>d:\Personal Projects\AlphaX\Spread\src\Samples\Samples\Sorting.xaml.cs(17,29): error CS0103: The name 'spread' does not exist in the current context [d:\Personal Projects\AlphaX\Spread\src\Samples\AlphaXSpreadSamplesExplorer.csproj]
     1>d:\Personal Projects\AlphaX\Spread\src\Samples\Samples\Sorting.xaml.cs(29,29): error CS0103: The name 'spread' does not exist in the current context [d:\Personal Projects\AlphaX\Spread\src\Samples\AlphaXSpreadSamplesExplorer.csproj]
     1>d:\Personal Projects\AlphaX\Spread\src\Samples\Samples\Sorting.xaml.cs(30,33): error CS0103: The name 'spread' does not exist in the current context [d:\Personal Projects\AlphaX\Spread\src\Samples\AlphaXSpreadSamplesExplorer.csproj]
     1>d:\Personal Projects\AlphaX\Spread\src\Samples\Samples\Sorting.xaml.cs(35,29): error CS0103: The name 'spread' does not exist in the current context [d:\Personal Projects\AlphaX\Spread\src\Samples\AlphaXSpreadSamplesExplorer.csproj]
     1>d:\Personal Projects\AlphaX\Spread\src\Samples\Samples\Sorting.xaml.cs(36,33): error CS0103: The name 'spread' does not exist in the current context [d:\Personal Projects\AlphaX\Spread\src\Samples\AlphaXSpreadSamplesExplorer.csproj]
     1>d:\Personal Projects\AlphaX\Spread\src\Samples\MainWindow.xaml.cs(25,17): error CS0103: The name '_samplesViewerBdr' does not exist in the current context [d:\Personal Projects\AlphaX\Spread\src\Samples\AlphaXSpreadSamplesExplorer.csproj]
     1>d:\Personal Projects\AlphaX\Spread\src\Samples\MainWindow.xaml.cs(26,17): error CS0103: The name '_samplesViewerBdr' does not exist in the current context [d:\Personal Projects\AlphaX\Spread\src\Samples\AlphaXSpreadSamplesExplorer.csproj]
     1>d:\Personal Projects\AlphaX\Spread\src\Samples\MainWindow.xaml.cs(28,13): error CS0103: The name '_samplesViewerBdr' does not exist in the current context [d:\Personal Projects\AlphaX\Spread\src\Samples\AlphaXSpreadSamplesExplorer.csproj]
     1>d:\Personal Projects\AlphaX\Spread\src\Samples\Testing.xaml.cs(22,27): error CS0103: The name 'spread' does not exist in the current context [d:\Personal Projects\AlphaX\Spread\src\Samples\AlphaXSpreadSamplesExplorer.csproj]
     1>d:\Personal Projects\AlphaX\Spread\src\Samples\Testing.xaml.cs(22,56): error CS0103: The name 'spread' does not exist in the current context [d:\Personal Projects\AlphaX\Spread\src\Samples\AlphaXSpreadSamplesExplorer.csproj]
     1>d:\Personal Projects\AlphaX\Spread\src\Samples\Testing.xaml.cs(25,17): error CS0103: The name 'spread' does not exist in the current context [d:\Personal Projects\AlphaX\Spread\src\Samples\AlphaXSpreadSamplesExplorer.csproj]
     1>d:\Personal Projects\AlphaX\Spread\src\Samples\Samples\ScrollModes.xaml.cs(12,13): error CS0103: The name 'InitializeComponent' does not exist in the current context [d:\Personal Projects\AlphaX\Spread\src\Samples\AlphaXSpreadSamplesExplorer.csproj]
     1>d:\Personal Projects\AlphaX\Spread\src\Samples\Samples\ScrollModes.xaml.cs(13,29): error CS0103: The name 'spread' does not exist in the current context [d:\Personal Projects\AlphaX\Spread\src\Samples\AlphaXSpreadSamplesExplorer.csproj]
     1>d:\Personal Projects\AlphaX\Spread\src\Samples\SamplesSideBar.xaml.cs(18,13): error CS0103: The name 'InitializeComponent' does not exist in the current context [d:\Personal Projects\AlphaX\Spread\src\Samples\AlphaXSpreadSamplesExplorer.csproj]
     1>d:\Personal Projects\AlphaX\Spread\src\Samples\SamplesSideBar.xaml.cs(20,13): error CS0103: The name '_lbSamples' does not exist in the current context [d:\Personal Projects\AlphaX\Spread\src\Samples\AlphaXSpreadSamplesExplorer.csproj]
     1>d:\Personal Projects\AlphaX\Spread\src\Samples\SamplesSideBar.xaml.cs(21,13): error CS0103: The name '_lbSamples' does not exist in the current context [d:\Personal Projects\AlphaX\Spread\src\Samples\AlphaXSpreadSamplesExplorer.csproj]
     1>d:\Personal Projects\AlphaX\Spread\src\Samples\SamplesSideBar.xaml.cs(31,60): error CS0103: The name '_lbSamples' does not exist in the current context [d:\Personal Projects\AlphaX\Spread\src\Samples\AlphaXSpreadSamplesExplorer.csproj]
         CompilerServer: server - server processed compilation - AlphaXSpreadSamplesExplorer
     1>Done Building Project "d:\Personal Projects\AlphaX\Spread\src\Samples\AlphaXSpreadSamplesExplorer.csproj" (default targets) -- FAILED.

Build FAILED.

       "d:\Personal Projects\AlphaX\Spread\src\Samples\AlphaXSpreadSamplesExplorer.csproj" (default target) (1:7) ->
       (CoreCompile target) -> 
         CSC : error CS5001: Program does not contain a static 'Main' method suitable for an entry point [d:\Personal Projects\AlphaX\Spread\src\Samples\AlphaXSpreadSamplesExplorer.csproj]
         d:\Personal Projects\AlphaX\Spread\src\Samples\Samples\DataBinding.xaml.cs(17,13): error CS0103: The name 'InitializeComponent' does not exist in the current context [d:\Personal Projects\AlphaX\Spread\src\Samples\AlphaXSpreadSamplesExplorer.csproj]
         d:\Personal Projects\AlphaX\Spread\src\Samples\Samples\DataBinding.xaml.cs(18,30): error CS0103: The name 'spread' does not exist in the current context [d:\Personal Projects\AlphaX\Spread\src\Samples\AlphaXSpreadSamplesExplorer.csproj]
         d:\Personal Projects\AlphaX\Spread\src\Samples\Samples\DataBinding.xaml.cs(19,34): error CS0103: The name 'spread2' does not exist in the current context [d:\Personal Projects\AlphaX\Spread\src\Samples\AlphaXSpreadSamplesExplorer.csproj]
         d:\Personal Projects\AlphaX\Spread\src\Samples\Samples\CellTypes.xaml.cs(15,13): error CS0103: The name 'InitializeComponent' does not exist in the current context [d:\Personal Projects\AlphaX\Spread\src\Samples\AlphaXSpreadSamplesExplorer.csproj]
         d:\Personal Projects\AlphaX\Spread\src\Samples\Samples\CellTypes.xaml.cs(16,24): error CS0103: The name 'spread' does not exist in the current context [d:\Personal Projects\AlphaX\Spread\src\Samples\AlphaXSpreadSamplesExplorer.csproj]
         d:\Personal Projects\AlphaX\Spread\src\Samples\Samples\Styling.xaml.cs(19,13): error CS0103: The name 'InitializeComponent' does not exist in the current context [d:\Personal Projects\AlphaX\Spread\src\Samples\AlphaXSpreadSamplesExplorer.csproj]
         d:\Personal Projects\AlphaX\Spread\src\Samples\Samples\Styling.xaml.cs(20,19): error CS0103: The name 'spread1' does not exist in the current context [d:\Personal Projects\AlphaX\Spread\src\Samples\AlphaXSpreadSamplesExplorer.csproj]
         d:\Personal Projects\AlphaX\Spread\src\Samples\Samples\Styling.xaml.cs(21,19): error CS0103: The name 'spread2' does not exist in the current context [d:\Personal Projects\AlphaX\Spread\src\Samples\AlphaXSpreadSamplesExplorer.csproj]
         d:\Personal Projects\AlphaX\Spread\src\Samples\Samples\Styling.xaml.cs(22,19): error CS0103: The name 'spread3' does not exist in the current context [d:\Personal Projects\AlphaX\Spread\src\Samples\AlphaXSpreadSamplesExplorer.csproj]
         d:\Personal Projects\AlphaX\Spread\src\Samples\Samples\Styling.xaml.cs(23,19): error CS0103: The name 'spread4' does not exist in the current context [d:\Personal Projects\AlphaX\Spread\src\Samples\AlphaXSpreadSamplesExplorer.csproj]
         d:\Personal Projects\AlphaX\Spread\src\Samples\MainWindow.xaml.cs(14,13): error CS0103: The name 'InitializeComponent' does not exist in the current context [d:\Personal Projects\AlphaX\Spread\src\Samples\AlphaXSpreadSamplesExplorer.csproj]
         d:\Personal Projects\AlphaX\Spread\src\Samples\MainWindow.xaml.cs(15,13): error CS0103: The name '_samplesSideBar' does not exist in the current context [d:\Personal Projects\AlphaX\Spread\src\Samples\AlphaXSpreadSamplesExplorer.csproj]
         d:\Personal Projects\AlphaX\Spread\src\Samples\MainWindow.xaml.cs(16,13): error CS0103: The name '_samplesSideBar' does not exist in the current context [d:\Personal Projects\AlphaX\Spread\src\Samples\AlphaXSpreadSamplesExplorer.csproj]
         d:\Personal Projects\AlphaX\Spread\src\Samples\MainWindow.xaml.cs(17,13): error CS0103: The name '_samplesSideBar' does not exist in the current context [d:\Personal Projects\AlphaX\Spread\src\Samples\AlphaXSpreadSamplesExplorer.csproj]
         d:\Personal Projects\AlphaX\Spread\src\Samples\MainWindow.xaml.cs(18,13): error CS0103: The name '_samplesSideBar' does not exist in the current context [d:\Personal Projects\AlphaX\Spread\src\Samples\AlphaXSpreadSamplesExplorer.csproj]
         d:\Personal Projects\AlphaX\Spread\src\Samples\MainWindow.xaml.cs(19,13): error CS0103: The name '_samplesSideBar' does not exist in the current context [d:\Personal Projects\AlphaX\Spread\src\Samples\AlphaXSpreadSamplesExplorer.csproj]
         d:\Personal Projects\AlphaX\Spread\src\Samples\MainWindow.xaml.cs(20,13): error CS0103: The name '_samplesSideBar' does not exist in the current context [d:\Personal Projects\AlphaX\Spread\src\Samples\AlphaXSpreadSamplesExplorer.csproj]
         d:\Personal Projects\AlphaX\Spread\src\Samples\Testing.xaml.cs(15,13): error CS0103: The name 'InitializeComponent' does not exist in the current context [d:\Personal Projects\AlphaX\Spread\src\Samples\AlphaXSpreadSamplesExplorer.csproj]
         d:\Personal Projects\AlphaX\Spread\src\Samples\Testing.xaml.cs(16,13): error CS0103: The name 'spread' does not exist in the current context [d:\Personal Projects\AlphaX\Spread\src\Samples\AlphaXSpreadSamplesExplorer.csproj]
         d:\Personal Projects\AlphaX\Spread\src\Samples\Testing.xaml.cs(17,29): error CS0103: The name 'spread' does not exist in the current context [d:\Personal Projects\AlphaX\Spread\src\Samples\AlphaXSpreadSamplesExplorer.csproj]
         d:\Personal Projects\AlphaX\Spread\src\Samples\Samples\Sorting.xaml.cs(15,13): error CS0103: The name 'InitializeComponent' does not exist in the current context [d:\Personal Projects\AlphaX\Spread\src\Samples\AlphaXSpreadSamplesExplorer.csproj]
         d:\Personal Projects\AlphaX\Spread\src\Samples\Samples\Sorting.xaml.cs(17,29): error CS0103: The name 'spread' does not exist in the current context [d:\Personal Projects\AlphaX\Spread\src\Samples\AlphaXSpreadSamplesExplorer.csproj]
         d:\Personal Projects\AlphaX\Spread\src\Samples\Samples\Sorting.xaml.cs(29,29): error CS0103: The name 'spread' does not exist in the current context [d:\Personal Projects\AlphaX\Spread\src\Samples\AlphaXSpreadSamplesExplorer.csproj]
         d:\Personal Projects\AlphaX\Spread\src\Samples\Samples\Sorting.xaml.cs(30,33): error CS0103: The name 'spread' does not exist in the current context [d:\Personal Projects\AlphaX\Spread\src\Samples\AlphaXSpreadSamplesExplorer.csproj]
         d:\Personal Projects\AlphaX\Spread\src\Samples\Samples\Sorting.xaml.cs(35,29): error CS0103: The name 'spread' does not exist in the current context [d:\Personal Projects\AlphaX\Spread\src\Samples\AlphaXSpreadSamplesExplorer.csproj]
         d:\Personal Projects\AlphaX\Spread\src\Samples\Samples\Sorting.xaml.cs(36,33): error CS0103: The name 'spread' does not exist in the current context [d:\Personal Projects\AlphaX\Spread\src\Samples\AlphaXSpreadSamplesExplorer.csproj]
         d:\Personal Projects\AlphaX\Spread\src\Samples\MainWindow.xaml.cs(25,17): error CS0103: The name '_samplesViewerBdr' does not exist in the current context [d:\Personal Projects\AlphaX\Spread\src\Samples\AlphaXSpreadSamplesExplorer.csproj]
         d:\Personal Projects\AlphaX\Spread\src\Samples\MainWindow.xaml.cs(26,17): error CS0103: The name '_samplesViewerBdr' does not exist in the current context [d:\Personal Projects\AlphaX\Spread\src\Samples\AlphaXSpreadSamplesExplorer.csproj]
         d:\Personal Projects\AlphaX\Spread\src\Samples\MainWindow.xaml.cs(28,13): error CS0103: The name '_samplesViewerBdr' does not exist in the current context [d:\Personal Projects\AlphaX\Spread\src\Samples\AlphaXSpreadSamplesExplorer.csproj]
         d:\Personal Projects\AlphaX\Spread\src\Samples\Testing.xaml.cs(22,27): error CS0103: The name 'spread' does not exist in the current context [d:\Personal Projects\AlphaX\Spread\src\Samples\AlphaXSpreadSamplesExplorer.csproj]
         d:\Personal Projects\AlphaX\Spread\src\Samples\Testing.xaml.cs(22,56): error CS0103: The name 'spread' does not exist in the current context [d:\Personal Projects\AlphaX\Spread\src\Samples\AlphaXSpreadSamplesExplorer.csproj]
         d:\Personal Projects\AlphaX\Spread\src\Samples\Testing.xaml.cs(25,17): error CS0103: The name 'spread' does not exist in the current context [d:\Personal Projects\AlphaX\Spread\src\Samples\AlphaXSpreadSamplesExplorer.csproj]
         d:\Personal Projects\AlphaX\Spread\src\Samples\Samples\ScrollModes.xaml.cs(12,13): error CS0103: The name 'InitializeComponent' does not exist in the current context [d:\Personal Projects\AlphaX\Spread\src\Samples\AlphaXSpreadSamplesExplorer.csproj]
         d:\Personal Projects\AlphaX\Spread\src\Samples\Samples\ScrollModes.xaml.cs(13,29): error CS0103: The name 'spread' does not exist in the current context [d:\Personal Projects\AlphaX\Spread\src\Samples\AlphaXSpreadSamplesExplorer.csproj]
         d:\Personal Projects\AlphaX\Spread\src\Samples\SamplesSideBar.xaml.cs(18,13): error CS0103: The name 'InitializeComponent' does not exist in the current context [d:\Personal Projects\AlphaX\Spread\src\Samples\AlphaXSpreadSamplesExplorer.csproj]
         d:\Personal Projects\AlphaX\Spread\src\Samples\SamplesSideBar.xaml.cs(20,13): error CS0103: The name '_lbSamples' does not exist in the current context [d:\Personal Projects\AlphaX\Spread\src\Samples\AlphaXSpreadSamplesExplorer.csproj]
         d:\Personal Projects\AlphaX\Spread\src\Samples\SamplesSideBar.xaml.cs(21,13): error CS0103: The name '_lbSamples' does not exist in the current context [d:\Personal Projects\AlphaX\Spread\src\Samples\AlphaXSpreadSamplesExplorer.csproj]
         d:\Personal Projects\AlphaX\Spread\src\Samples\SamplesSideBar.xaml.cs(31,60): error CS0103: The name '_lbSamples' does not exist in the current context [d:\Personal Projects\AlphaX\Spread\src\Samples\AlphaXSpreadSamplesExplorer.csproj]

    0 Warning(s)
    39 Error(s)

Time Elapsed 00:00:04.21
